---
source: tests-integration/tests/test.rs
expression: tree_snapshot(root)
---
=== bom.cs ===
\u{feff}/*␊
 * Copyright 2026 Acme Labs␊
 */␊
␊
public class Example {}␊
=== document.xml ===
<?xml version="1.0" encoding="UTF-8"?>␊
<!--␊
    Copyright 2026 Acme Labs␊
-->␊
␊
<project />␊
=== document.yaml ===
%YAML 1.2␊
%TAG !example! tag:example.com,2026:␊
# Copyright 2026 Acme Labs␊
␊
---␊
value: !example!value content␊
=== licenserc.toml ===
[header]␊
text = "Copyright 2026 Acme Labs"␊
␊
[files]␊
excludes = ["licenserc.toml"]␊
includes = ["**/*.cs", "**/*.py", "**/*.rs", "**/*.xml", "**/*.yaml"]␊
=== script.py ===
#!/usr/bin/env python3␊
# -*- coding: utf-8 -*-␊
# Copyright 2026 Acme Labs␊
␊
print("hello")␊
=== windows.rs ===
// Copyright 2026 Acme Labs␍␊
␍␊
fn main() {}␍␊
