---
source: tests-integration/tests/test.rs
expression: "&report"
---
{
  "files": [
    {
      "outcome": "add",
      "path": "Makefile"
    },
    {
      "outcome": "add",
      "path": "app.rs"
    },
    {
      "outcome": "replace",
      "path": "legacy.rs"
    },
    {
      "outcome": "add",
      "path": "not_ignored_without_repository.rs"
    },
    {
      "outcome": "unsupported",
      "path": "notes.txt"
    },
    {
      "outcome": "add",
      "path": "types.d.ts"
    }
  ]
}
